// Jest Snapshot v1, https://goo.gl/fbAQLP

exports[`App component renders App 1`] = `
<DocumentFragment>
  <form
    data-testid="form id"
  >
    <input
      value="blank"
    />
    <button>
      Search Keyword
    </button>
  </form>
  <ul
    class="ArticleList"
    data-testid="articles"
  />
</DocumentFragment>
`;
